Line 826 - Msg: ✅ Mobile: Session token saved for authentication
2025-10-25 00:52:26.150 15352-15352 Capacitor/Console       com.adaptalyfe.app                   I  File: https://localhost/assets/index-OSiMQTfY.js - Line 826 - Msg: 🔄 Mobile Login: Navigating to /dashboard
2025-10-25 00:52:26.170 15352-15352 Quality                 com.adaptalyfe.app                   I  Skipped: true 1 cost 17.63492 refreshRate 16733988 bit true processName com.adaptalyfe.app
2025-10-25 00:52:26.175 15352-20682 Capacitor               com.adaptalyfe.app                   D  Handling local request: https://localhost/dashboard
2025-10-25 00:52:26.230 15352-20659 GPUAUX                  com.adaptalyfe.app                   E  [AUX]GuiExtAuxCheckAuxPath:674: Null anb
2025-10-25 00:52:26.231 15352-20659 GPUAUX                  com.adaptalyfe.app                   E  [AUX]GuiExtAuxCheckAuxPath:674: Null anb
2025-10-25 00:52:26.301 15352-20682 Capacitor               com.adaptalyfe.app                   D  Handling local request: https://localhost/force-hide-errors.css
2025-10-25 00:52:26.304 15352-20684 Capacitor               com.adaptalyfe.app                   D  Handling local request: https://localhost/block-error-modal.js?v=2
2025-10-25 00:52:26.311 15352-20682 Capacitor               com.adaptalyfe.app                   D  Handling local request: https://localhost/assets/index-OSiMQTfY.js
2025-10-25 00:52:26.314 15352-15352 Quality                 com.adaptalyfe.app                   I  Skipped: true 1 cost 27.578768 refreshRate 16733736 bit true processName com.adaptalyfe.app
2025-10-25 00:52:26.314 15352-20683 Capacitor               com.adaptalyfe.app                   D  Handling local request: https://localhost/assets/index-DHtvN_cd.css
2025-10-25 00:52:26.331 15352-15352 Capacitor/Console       com.adaptalyfe.app                   I  File: https://localhost/block-error-modal.js?v=2 - Line 95 - Msg: Vite error blocker activated (app dialogs unaffected)
2025-10-25 00:52:26.370 15352-20841 RemoteInpu...ectionImpl com.adaptalyfe.app                   W  requestCursorAnchorInfo on inactive InputConnection
2025-10-25 00:52:26.412 15352-15352 Capacitor/...oardPlugin com.adaptalyfe.app                   V  Notifying listeners for event keyboardWillHide
2025-10-25 00:52:26.412 15352-15352 Capacitor/...oardPlugin com.adaptalyfe.app                   D  No listeners found for event keyboardWillHide
2025-10-25 00:52:26.416 15352-15352 Quality                 com.adaptalyfe.app                   I  Skipped: true 1 cost 29.54404 refreshRate 16733692 bit true processName com.adaptalyfe.app
2025-10-25 00:52:26.605 15352-15352 Capacitor/Console       com.adaptalyfe.app                   I  File: https://localhost/assets/index-OSiMQTfY.js - Line 870 - Msg: Starting Adaptalyfe app...
2025-10-25 00:52:26.605 15352-15352 Capacitor/Console       com.adaptalyfe.app                   I  File: https://localhost/assets/index-OSiMQTfY.js - Line 870 - Msg: React version: 18.3.1
2025-10-25 00:52:26.606 15352-15352 Capacitor/Console       com.adaptalyfe.app                   I  File: https://localhost/assets/index-OSiMQTfY.js - Line 870 - Msg: Current URL: https://localhost/dashboard
2025-10-25 00:52:26.606 15352-15352 Capacitor/Console       com.adaptalyfe.app                   I  File: https://localhost/assets/index-OSiMQTfY.js - Line 870 - Msg: User agent: Mozilla/5.0 (Linux; Android 13; IV2201 Build/TP1A.220905.001; wv) AppleWebKit/537.36 (KHTML, like Gecko) Version/4.0 Chrome/141.0.7390.97 Mobile Safari/537.36
2025-10-25 00:52:26.606 15352-15352 Capacitor/Console       com.adaptalyfe.app                   I  File: https://localhost/assets/index-OSiMQTfY.js - Line 870 - Msg: Screen size: 360 x 800
2025-10-25 00:52:26.606 15352-15352 Capacitor/Console       com.adaptalyfe.app                   I  File: https://localhost/assets/index-OSiMQTfY.js - Line 870 - Msg: Platform: android
2025-10-25 00:52:26.607 15352-15352 Capacitor/Console       com.adaptalyfe.app                   I  File: https://localhost/assets/index-OSiMQTfY.js - Line 870 - Msg: Is native mobile: true
2025-10-25 00:52:26.607 15352-15352 Capacitor/Console       com.adaptalyfe.app                   I  File: https://localhost/assets/index-OSiMQTfY.js - Line 870 - Msg: Mobile device detected: true
2025-10-25 00:52:26.607 15352-15352 Capacitor/Console       com.adaptalyfe.app                   I  File: https://localhost/assets/index-OSiMQTfY.js - Line 870 - Msg: Creating React root and rendering app...
2025-10-25 00:52:26.607 15352-15352 Capacitor/Console       com.adaptalyfe.app                   I  File: https://localhost/assets/index-OSiMQTfY.js - Line 870 - Msg: Applying mobile-specific optimizations
2025-10-25 00:52:26.607 15352-15352 Capacitor/Console       com.adaptalyfe.app                   I  File: https://localhost/assets/index-OSiMQTfY.js - Line 870 - Msg: App rendered successfully
2025-10-25 00:52:26.608 15352-15352 Capacitor/Console       com.adaptalyfe.app                   I  File: https://localhost/assets/index-OSiMQTfY.js - Line 870 - Msg: Initializing mobile app features...
2025-10-25 00:52:26.608 15352-15352 Capacitor/Console       com.adaptalyfe.app                   I  File: https://localhost/assets/index-OSiMQTfY.js - Line 655 - Msg: Initializing mobile app for android
2025-10-25 00:52:26.610 15352-15352 Capacitor/Plugin        com.adaptalyfe.app                   V  To native (Capacitor plugin): callbackId: 2125032, pluginId: StatusBar, methodName: setStyle
2025-10-25 00:52:26.611 15352-15352 Capacitor               com.adaptalyfe.app                   V  callback: 2125032, pluginId: StatusBar, methodName: setStyle, methodData: {"style":"DARK"}
2025-10-25 00:52:26.625 15352-15352 Capacitor/Console       com.adaptalyfe.app                   I  File: https://localhost/assets/index-OSiMQTfY.js - Line 655 - Msg: Making query to: /api/user
2025-10-25 00:52:26.626 15352-15352 Capacitor/Console       com.adaptalyfe.app                   I  File: https://localhost/assets/index-OSiMQTfY.js - Line 655 - Msg: Making query to: /api/subscription
2025-10-25 00:52:26.637 15352-15352 Capacitor/Console       com.adaptalyfe.app                   I  File:  - Line 333 - Msg: undefined
2025-10-25 00:52:26.639 15352-15352 Capacitor/Plugin        com.adaptalyfe.app                   V  To native (Capacitor plugin): callbackId: 2125033, pluginId: StatusBar, methodName: setBackgroundColor
2025-10-25 00:52:26.639 15352-15352 Capacitor               com.adaptalyfe.app                   V  callback: 2125033, pluginId: StatusBar, methodName: setBackgroundColor, methodData: {"color":"#ffffff"}
2025-10-25 00:52:26.650 15352-15352 Capacitor/Console       com.adaptalyfe.app                   I  File:  - Line 333 - Msg: undefined
2025-10-25 00:52:26.650 15352-15352 Capacitor/Console       com.adaptalyfe.app                   I  File: https://localhost/assets/index-OSiMQTfY.js - Line 655 - Msg: Mobile app initialized successfully
2025-10-25 00:52:26.652 15352-15352 Capacitor/Console       com.adaptalyfe.app                   I  File: https://localhost/assets/index-OSiMQTfY.js - Line 870 - Msg: Mobile app features initialized
2025-10-25 00:52:26.670 15352-20659 GPUAUX                  com.adaptalyfe.app                   E  [AUX]GuiExtAuxCheckAuxPath:674: Null anb
2025-10-25 00:52:26.670 15352-20659 GPUAUX                  com.adaptalyfe.app                   E  [AUX]GuiExtAuxCheckAuxPath:674: Null anb
2025-10-25 00:52:26.670 15352-20659 GPUAUX                  com.adaptalyfe.app                   E  [AUX]GuiExtAuxCheckAuxPath:674: Null anb
2025-10-25 00:52:26.670 15352-20659 GPUAUX                  com.adaptalyfe.app                   E  [AUX]GuiExtAuxCheckAuxPath:674: Null anb
2025-10-25 00:52:26.670 15352-20659 GPUAUX                  com.adaptalyfe.app                   E  [AUX]GuiExtAuxCheckAuxPath:674: Null anb
2025-10-25 00:52:26.670 15352-20659 GPUAUX                  com.adaptalyfe.app                   E  [AUX]GuiExtAuxCheckAuxPath:674: Null anb
2025-10-25 00:52:26.670 15352-20659 GPUAUX                  com.adaptalyfe.app                   E  [AUX]GuiExtAuxCheckAuxPath:674: Null anb
2025-10-25 00:52:26.672 15352-15352 Capacitor/Plugin        com.adaptalyfe.app                   V  To native (Capacitor plugin): callbackId: 2125034, pluginId: Keyboard, methodName: addListener
2025-10-25 00:52:26.672 15352-15352 Capacitor               com.adaptalyfe.app                   V  callback: 2125034, pluginId: Keyboard, methodName: addListener, methodData: {"eventName":"keyboardWillShow"}
2025-10-25 00:52:26.674 15352-15352 Capacitor/Plugin        com.adaptalyfe.app                   V  To native (Capacitor plugin): callbackId: 2125035, pluginId: Keyboard, methodName: addListener
2025-10-25 00:52:26.674 15352-15352 Capacitor               com.adaptalyfe.app                   V  callback: 2125035, pluginId: Keyboard, methodName: addListener, methodData: {"eventName":"keyboardWillHide"}
2025-10-25 00:52:26.675 15352-15352 Capacitor/Plugin        com.adaptalyfe.app                   V  To native (Capacitor plugin): callbackId: 2125036, pluginId: App, methodName: addListener
2025-10-25 00:52:26.675 15352-15352 Capacitor               com.adaptalyfe.app                   V  callback: 2125036, pluginId: App, methodName: addListener, methodData: {"eventName":"appStateChange"}
2025-10-25 00:52:26.676 15352-15352 Capacitor/Plugin        com.adaptalyfe.app                   V  To native (Capacitor plugin): callbackId: 2125037, pluginId: App, methodName: addListener
2025-10-25 00:52:26.677 15352-15352 Capacitor               com.adaptalyfe.app                   V  callback: 2125037, pluginId: App, methodName: addListener, methodData: {"eventName":"backButton"}
2025-10-25 00:52:26.713 15352-15352 Capacitor/...oardPlugin com.adaptalyfe.app                   V  Notifying listeners for event keyboardDidHide
2025-10-25 00:52:26.713 15352-15352 Capacitor/...oardPlugin com.adaptalyfe.app                   D  No listeners found for event keyboardDidHide
2025-10-25 00:52:26.742 15352-15352 Capacitor/Console       com.adaptalyfe.app                   I  File: https://localhost/dashboard - Line 32 - Msg: SW registered:  [object ServiceWorkerRegistration]
2025-10-25 00:52:27.235 15352-15352 Capacitor/Console       com.adaptalyfe.app                   I  File: https://localhost/assets/index-OSiMQTfY.js - Line 655 - Msg: Query response status: 401
2025-10-25 00:52:27.235 15352-15352 Capacitor/Console       com.adaptalyfe.app                   I  File: https://localhost/assets/index-OSiMQTfY.js - Line 655 - Msg: Query response headers: [object Object]
2025-10-25 00:52:27.236 15352-15352 Capacitor/Console       com.adaptalyfe.app                   I  File: https://localhost/assets/index-OSiMQTfY.js - Line 655 - Msg: Returning null due to 401
2025-10-25 00:52:27.239 15352-15352 Capacitor/Console       com.adaptalyfe.app                   I  File: https://localhost/assets/index-OSiMQTfY.js - Line 655 - Msg: Query response status: 401
2025-10-25 00:52:27.239 15352-15352 Capacitor/Console       com.adaptalyfe.app                   I  File: https://localhost/assets/index-OSiMQTfY.js - Line 655 - Msg: Query response headers: [object Object]
2025-10-25 00:52:27.240 15352-15352 Capacitor/Console       com.adaptalyfe.app                   I  File: https://localhost/assets/index-OSiMQTfY.js - Line 655 - Msg: Returning null due to 401
2025-10-25 00:52:27.306 15352-15352 Capacitor/Console       com.adaptalyfe.app                   I  File: https://localhost/assets/index-OSiMQTfY.js - Line 655 - Msg: Making query to: /api/user
2025-10-25 00:52:27.316 15352-15352 Capacitor/Console       com.adaptalyfe.app                   I  File: https://localhost/assets/index-OSiMQTfY.js - Line 655 - Msg: Making query to: /api/subscription
2025-10-25 00:52:27.318 15352-15352 Capacitor/Console       com.adaptalyfe.app                   I  File: https://localhost/assets/index-OSiMQTfY.js - Line 655 - Msg: Making query to: /api/daily-tasks
2025-10-25 00:52:27.322 15352-15352 Capacitor/Console       com.adaptalyfe.app                   I  File: https://localhost/assets/index-OSiMQTfY.js - Line 655 - Msg: Making query to: /api/mood-entries/today
2025-10-25 00:52:27.383 15352-15352 Capacitor/Console       com.adaptalyfe.app                   I  File: https://localhost/assets/index-OSiMQTfY.js - Line 655 - Msg: Making query to: /api/bills
2025-10-25 00:52:27.467 15352-20659 GPUAUX                  com.adaptalyfe.app                   E  [AUX]GuiExtAuxCheckAuxPath:674: Null anb
2025-10-25 00:52:27.467 15352-20659 GPUAUX                  com.adaptalyfe.app                   E  [AUX]GuiExtAuxCheckAuxPath:674: Null anb
2025-10-25 00:52:27.468 15352-20659 GPUAUX                  com.adaptalyfe.app                   E  [AUX]GuiExtAuxCheckAuxPath:674: Null anb
2025-10-25 00:52:27.468 15352-20659 GPUAUX                  com.adaptalyfe.app                   E  [AUX]GuiExtAuxCheckAuxPath:674: Null anb
2025-10-25 00:52:27.468 15352-20659 GPUAUX                  com.adaptalyfe.app                   E  [AUX]GuiExtAuxCheckAuxPath:674: Null anb
2025-10-25 00:52:27.468 15352-20659 GPUAUX                  com.adaptalyfe.app                   E  [AUX]GuiExtAuxCheckAuxPath:674: Null anb
2025-10-25 00:52:27.483 15352-15352 Quality                 com.adaptalyfe.app                   I  Skipped: false 4 cost 74.69255 refreshRate 16726860 bit true processName com.adaptalyfe.app
2025-10-25 00:52:27.601 15352-15352 Capacitor/Console       com.adaptalyfe.app                   I  File: https://localhost/assets/index-OSiMQTfY.js - Line 655 - Msg: Query response status: 401
2025-10-25 00:52:27.602 15352-15352 Capacitor/Console       com.adaptalyfe.app                   I  File: https://localhost/assets/index-OSiMQTfY.js - Line 655 - Msg: Query response headers: [object Object]
2025-10-25 00:52:27.603 15352-15352 Capacitor/Console       com.adaptalyfe.app                   I  File: https://localhost/assets/index-OSiMQTfY.js - Line 655 - Msg: Returning null due to 401
2025-10-25 00:52:27.624 15352-15352 Capacitor/Console       com.adaptalyfe.app                   I  File: https://localhost/assets/index-OSiMQTfY.js - Line 655 - Msg: Query response status: 401
2025-10-25 00:52:27.626 15352-15352 Capacitor/Console       com.adaptalyfe.app                   I  File: https://localhost/assets/index-OSiMQTfY.js - Line 655 - Msg: Query response headers: [object Object]
2025-10-25 00:52:27.627 15352-15352 Capacitor/Console       com.adaptalyfe.app                   I  File: https://localhost/assets/index-OSiMQTfY.js - Line 655 - Msg: Returning null due to 401
2025-10-25 00:52:27.628 15352-15352 Quality                 com.adaptalyfe.app                   I  Skipped: false 1 cost 19.434584 refreshRate 16736658 bit true processName com.adaptalyfe.app
2025-10-25 00:52:27.950 15352-15352 Capacitor/Console       com.adaptalyfe.app                   I  File: https://localhost/assets/index-OSiMQTfY.js - Line 655 - Msg: Query response status: 401
2025-10-25 00:52:27.950 15352-15352 Capacitor/Console       com.adaptalyfe.app                   I  File: https://localhost/assets/index-OSiMQTfY.js - Line 655 - Msg: Query response headers: [object Object]
2025-10-25 00:52:27.950 15352-15352 Capacitor/Console       com.adaptalyfe.app                   I  File: https://localhost/assets/index-OSiMQTfY.js - Line 655 - Msg: Returning null due to 401
2025-10-25 00:52:27.951 15352-15352 Capacitor/Console       com.adaptalyfe.app                   I  File: https://localhost/assets/index-OSiMQTfY.js - Line 655 - Msg: Query response status: 401
2025-10-25 00:52:27.951 15352-15352 Capacitor/Console       com.adaptalyfe.app                   I  File: https://localhost/assets/index-OSiMQTfY.js - Line 655 - Msg: Query response headers: [object Object]
2025-10-25 00:52:27.951 15352-15352 Capacitor/Console       com.adaptalyfe.app                   I  File: https://localhost/assets/index-OSiMQTfY.js - Line 655 - Msg: Returning null due to 401
2025-10-25 00:52:27.960 15352-15352 Capacitor/Console       com.adaptalyfe.app                   I  File: https://localhost/assets/index-OSiMQTfY.js - Line 728 - Msg: Mood check - todayMood: null lastCheck: null today: Sat Oct 25 2025
2025-10-25 00:52:27.961 15352-15352 Capacitor/Console       com.adaptalyfe.app                   I  File: https://localhost/assets/index-OSiMQTfY.js - Line 728 - Msg: Mood check available via navigation
2025-10-25 00:52:27.965 15352-15352 Capacitor/Console       com.adaptalyfe.app                   I  File: https://localhost/assets/index-OSiMQTfY.js - Line 655 - Msg: Query response status: 401
2025-10-25 00:52:27.965 15352-15352 Capacitor/Console       com.adaptalyfe.app                   I  File: https://localhost/assets/index-OSiMQTfY.js - Line 655 - Msg: Query response headers: [object Object]
2025-10-25 00:52:27.966 15352-15352 Capacitor/Console       com.adaptalyfe.app                   I  File: https://localhost/assets/index-OSiMQTfY.js - Line 655 - Msg: Returning null due to 401
2025-10-25 00:52:27.976 15352-15352 Capacitor/Console       com.adaptalyfe.app                   E  File: https://localhost/block-error-modal.js?v=2 - Line 20 - Msg: TypeError: Cannot read properties of null (reading 'filter')
2025-10-25 00:52:27.983 15352-15352 Capacitor/Console       com.adaptalyfe.app                   E  File: https://localhost/block-error-modal.js?v=2 - Line 20 - Msg: TypeError: Cannot read properties of null (reading 'filter')
2025-10-25 00:52:27.983 15352-15352 Capacitor/Console       com.adaptalyfe.app                   E  File: https://localhost/block-error-modal.js?v=2 - Line 20 - Msg: Error Boundary caught an error: TypeError: Cannot read properties of null (reading 'filter') [object Object]
2025-10-25 00:52:27.983 15352-15352 Capacitor/Console       com.adaptalyfe.app                   I  File: https://localhost/assets/index-OSiMQTfY.js - Line 845 - Msg: Error logged for analytics: [object Object]
2025-10-25 00:52:28.007 15352-20659 GPUAUX                  com.adaptalyfe.app                   E  [AUX]GuiExtAuxCheckAuxPath:674: Null anb
2025-10-25 00:52:28.008 15352-20659 GPUAUX                  com.adaptalyfe.app                   E  [AUX]GuiExtAuxCheckAuxPath:674: Null anb
2025-10-25 00:52:28.008 15352-20659 GPUAUX                  com.adaptalyfe.app                   E  [AUX]GuiExtAuxCheckAuxPath:674: Null anb
2025-10-25 00:52:28.008 15352-20659 GPUAUX                  com.adaptalyfe.app                   E  [AUX]GuiExtAuxCheckAuxPath:674: Null anb
2025-10-25 00:52:28.660 15352-15352 Capacitor/Plugin        com.adaptalyfe.app                   V  To native (Capacitor plugin): callbackId: 2125038, pluginId: SplashScreen, methodName: hide
2025-10-25 00:52:28.660 15352-15352 Capacitor               com.adaptalyfe.app                   V  callback: 2125038, pluginId: SplashScreen, methodName: hide, methodData: {}
2025-10-25 00:52:28.667 15352-15352 Capacitor/Console       com.adaptalyfe.app                   I  File:  - Line 333 - Msg: undefined
2025-10-25 00:52:29.618 15352-20682 Capacitor               com.adaptalyfe.app                   D  Handling local request: https://localhost/sw.js
2025-10-25 00:52:41.523 15352-15352 Capacitor/AppPlugin     com.adaptalyfe.app                   V  Notifying listeners for event pause
2025-10-25 00:52:41.523 15352-15352 Capacitor/AppPlugin     com.adaptalyfe.app                   D  No listeners found for event pause
2025-10-25 00:52:41.524 15352-15352 Capacitor               com.adaptalyfe.app                   D  App paused
2025-10-25 00:52:41.531 15352-20650 VRI[MainActivity]       com.adaptalyfe.app                   D  dispatchAppVisibility visible:false
2025-10-25 00:52:41.538 15352-15352 VRI[MainActivity]       com.adaptalyfe.app                   D  onFocusEvent false
2025-10-25 00:52:41.605 15352-15352 BLASTBufferQueue        com.adaptalyfe.app                   D  [VRI[MainActivity]#8](f:0,a:2) destructor()
2025-10-25 00:52:41.605 15352-15352 BufferQueueConsumer     com.adaptalyfe.app                   D  [VRI[MainActivity]#8(BLAST Consumer)8](id:3bf800000008,api:0,p:-1,c:15352) disconnect
2025-10-25 00:52:41.612 15352-15352 VRI[MainActivity]       com.adaptalyfe.app                   D  setWindowStopped stopped:true
2025-10-25 00:52:41.618 15352-15352 Capacitor/AppPlugin     com.adaptalyfe.app                   D  Firing change: false
2025-10-25 00:52:41.618 15352-15352 Capacitor/AppPlugin     com.adaptalyfe.app                   V  Notifying listeners for event appStateChange
2025-10-25 00:52:41.619 15352-15352 Capacitor               com.adaptalyfe.app                   D  App stopped
2025-10-25 00:52:41.622 15352-15352 Capacitor               com.adaptalyfe.app                   D  Saving instance state!
2025-10-25 00:52:41.624 15352-15352 Capacitor/Console       com.adaptalyfe.app                   I  File: https://localhost/assets/index-OSiMQTfY.js - Line 655 - Msg: App state changed. Is active? false
2025-10-25 00:52:41.628 15352-15352 ViewRootImplExtImpl     com.adaptalyfe.app                   D  onDisplayChanged 0 for VRI android.view.ViewRootImpl@db72b3e
